Enter password: *************
Welcome to the MySQL monitor.  Commands end with ; or \g.
Your MySQL connection id is 1
Server version: 5.5.62 MySQL Community Server (GPL)

Copyright (c) 2000, 2018, Oracle and/or its affiliates. All rights reserved.

Oracle is a registered trademark of Oracle Corporation and/or its
affiliates. Other names may be trademarks of their respective
owners.

Type 'help;' or '\h' for help. Type '\c' to clear the current input statement.

mysql> show databases;
+--------------------+
| Database           |
+--------------------+
| information_schema |
| college            |
| employee           |
| mtech              |
| mysql              |
| performance_schema |
| practice           |
| student            |
| test               |
+--------------------+
9 rows in set (0.18 sec)

mysql> use employee;
Database changed
mysql> select * from employee;
+--------------------+-----------+------------+-------------+------------+--------+------+-------------+-------------+---------------+--------+
| ID_OF_THE_EMPLOYEE | LAST_NAME | FIRST_NAME | MIDDLE_NAME | MANAGER_ID | SALARY | COMM | HIREDATE    | Location_ID | Department_ID | Job_ID |
+--------------------+-----------+------------+-------------+------------+--------+------+-------------+-------------+---------------+--------+
|               7369 | SHARMA    | ANSHIMA    | Q           |       7902 |    800 | NULL | 17-DEC-79   |         122 |            10 |    667 |
|               7499 | SHARMA    | ABHISHEK   | J           |       7698 |   1600 |  300 | 20-FEB-80   |         123 |            20 |    668 |
|               7505 | RUNIJA    | MAYANK     | K           |       7839 |   2850 | NULL | 04-APRIL-80 |         124 |            30 |    669 |
|               7506 | SHARMA    | KANIKA     | S           |       7839 |   2750 | NULL | 15-MAY-80   |         125 |            40 |    670 |
|               7507 | MISHRA    | MAHIMA     | D           |       7839 |   2200 | NULL | 10-JUNE-80  |         122 |            20 |    671 |
|               7521 | JOSHI     | GARIMA     | D           |       7698 |   1250 |  500 | 22-FEB-80   |         125 |            10 |    672 |
+--------------------+-----------+------------+-------------+------------+--------+------+-------------+-------------+---------------+--------+
6 rows in set (0.12 sec)

mysql> select * from employee where name like 'a%';
ERROR 1054 (42S22): Unknown column 'name' in 'where clause'
mysql> select * from employee where FIRST_NAME like 'a%';
+--------------------+-----------+------------+-------------+------------+--------+------+-----------+-------------+---------------+--------+
| ID_OF_THE_EMPLOYEE | LAST_NAME | FIRST_NAME | MIDDLE_NAME | MANAGER_ID | SALARY | COMM | HIREDATE  | Location_ID | Department_ID | Job_ID |
+--------------------+-----------+------------+-------------+------------+--------+------+-----------+-------------+---------------+--------+
|               7369 | SHARMA    | ANSHIMA    | Q           |       7902 |    800 | NULL | 17-DEC-79 |         122 |            10 |    667 |
|               7499 | SHARMA    | ABHISHEK   | J           |       7698 |   1600 |  300 | 20-FEB-80 |         123 |            20 |    668 |
+--------------------+-----------+------------+-------------+------------+--------+------+-----------+-------------+---------------+--------+
2 rows in set (0.07 sec)

mysql> select * from employee where FIRST_NAME like '____a%';
Empty set (0.00 sec)

mysql> select * from employee where FIRST_NAME like '___a%';
+--------------------+-----------+------------+-------------+------------+--------+------+-------------+-------------+---------------+--------+
| ID_OF_THE_EMPLOYEE | LAST_NAME | FIRST_NAME | MIDDLE_NAME | MANAGER_ID | SALARY | COMM | HIREDATE    | Location_ID | Department_ID | Job_ID |
+--------------------+-----------+------------+-------------+------------+--------+------+-------------+-------------+---------------+--------+
|               7505 | RUNIJA    | MAYANK     | K           |       7839 |   2850 | NULL | 04-APRIL-80 |         124 |            30 |    669 |
+--------------------+-----------+------------+-------------+------------+--------+------+-------------+-------------+---------------+--------+
1 row in set (0.00 sec)

mysql> select * from employee where FIRST_NAME like '____i%';
+--------------------+-----------+------------+-------------+------------+--------+------+-----------+-------------+---------------+--------+
| ID_OF_THE_EMPLOYEE | LAST_NAME | FIRST_NAME | MIDDLE_NAME | MANAGER_ID | SALARY | COMM | HIREDATE  | Location_ID | Department_ID | Job_ID |
+--------------------+-----------+------------+-------------+------------+--------+------+-----------+-------------+---------------+--------+
|               7369 | SHARMA    | ANSHIMA    | Q           |       7902 |    800 | NULL | 17-DEC-79 |         122 |            10 |    667 |
+--------------------+-----------+------------+-------------+------------+--------+------+-----------+-------------+---------------+--------+
1 row in set (0.00 sec)

mysql> select * from employee where FIRST_NAME like '___i%';
+--------------------+-----------+------------+-------------+------------+--------+------+------------+-------------+---------------+--------+
| ID_OF_THE_EMPLOYEE | LAST_NAME | FIRST_NAME | MIDDLE_NAME | MANAGER_ID | SALARY | COMM | HIREDATE   | Location_ID | Department_ID | Job_ID |
+--------------------+-----------+------------+-------------+------------+--------+------+------------+-------------+---------------+--------+
|               7499 | SHARMA    | ABHISHEK   | J           |       7698 |   1600 |  300 | 20-FEB-80  |         123 |            20 |    668 |
|               7506 | SHARMA    | KANIKA     | S           |       7839 |   2750 | NULL | 15-MAY-80  |         125 |            40 |    670 |
|               7507 | MISHRA    | MAHIMA     | D           |       7839 |   2200 | NULL | 10-JUNE-80 |         122 |            20 |    671 |
|               7521 | JOSHI     | GARIMA     | D           |       7698 |   1250 |  500 | 22-FEB-80  |         125 |            10 |    672 |
+--------------------+-----------+------------+-------------+------------+--------+------+------------+-------------+---------------+--------+
4 rows in set (0.00 sec)

mysql> select * from employee where salary=(select max(salary) from employee);
+--------------------+-----------+------------+-------------+------------+--------+------+-------------+-------------+---------------+--------+
| ID_OF_THE_EMPLOYEE | LAST_NAME | FIRST_NAME | MIDDLE_NAME | MANAGER_ID | SALARY | COMM | HIREDATE    | Location_ID | Department_ID | Job_ID |
+--------------------+-----------+------------+-------------+------------+--------+------+-------------+-------------+---------------+--------+
|               7505 | RUNIJA    | MAYANK     | K           |       7839 |   2850 | NULL | 04-APRIL-80 |         124 |            30 |    669 |
+--------------------+-----------+------------+-------------+------------+--------+------+-------------+-------------+---------------+--------+
1 row in set (0.04 sec)

mysql> select * from employee where salary=(select min(salary) from employee);
+--------------------+-----------+------------+-------------+------------+--------+------+-----------+-------------+---------------+--------+
| ID_OF_THE_EMPLOYEE | LAST_NAME | FIRST_NAME | MIDDLE_NAME | MANAGER_ID | SALARY | COMM | HIREDATE  | Location_ID | Department_ID | Job_ID |
+--------------------+-----------+------------+-------------+------------+--------+------+-----------+-------------+---------------+--------+
|               7369 | SHARMA    | ANSHIMA    | Q           |       7902 |    800 | NULL | 17-DEC-79 |         122 |            10 |    667 |
+--------------------+-----------+------------+-------------+------------+--------+------+-----------+-------------+---------------+--------+
1 row in set (0.00 sec)

mysql> select *,max(salary) from employee;
+--------------------+-----------+------------+-------------+------------+--------+------+-----------+-------------+---------------+--------+-------------+
| ID_OF_THE_EMPLOYEE | LAST_NAME | FIRST_NAME | MIDDLE_NAME | MANAGER_ID | SALARY | COMM | HIREDATE  | Location_ID | Department_ID | Job_ID | max(salary) |
+--------------------+-----------+------------+-------------+------------+--------+------+-----------+-------------+---------------+--------+-------------+
|               7369 | SHARMA    | ANSHIMA    | Q           |       7902 |    800 | NULL | 17-DEC-79 |         122 |            10 |    667 |        2850 |
+--------------------+-----------+------------+-------------+------------+--------+------+-----------+-------------+---------------+--------+-------------+
1 row in set (0.04 sec)

mysql> select *,min(salary) from employee;
+--------------------+-----------+------------+-------------+------------+--------+------+-----------+-------------+---------------+--------+-------------+
| ID_OF_THE_EMPLOYEE | LAST_NAME | FIRST_NAME | MIDDLE_NAME | MANAGER_ID | SALARY | COMM | HIREDATE  | Location_ID | Department_ID | Job_ID | min(salary) |
+--------------------+-----------+------------+-------------+------------+--------+------+-----------+-------------+---------------+--------+-------------+
|               7369 | SHARMA    | ANSHIMA    | Q           |       7902 |    800 | NULL | 17-DEC-79 |         122 |            10 |    667 |         800 |
+--------------------+-----------+------------+-------------+------------+--------+------+-----------+-------------+---------------+--------+-------------+
1 row in set (0.00 sec)

mysql> select max(salary) from employee where salary>(select max(salary) from employee);
+-------------+
| max(salary) |
+-------------+
|        NULL |
+-------------+
1 row in set (0.04 sec)

mysql> select max(salary) from employee where salary<(select max(salary) from employee);
+-------------+
| max(salary) |
+-------------+
|        2750 |
+-------------+
1 row in set (0.00 sec)

mysql> select min(salary) from employee where salary<(select min(salary) from employee);
+-------------+
| min(salary) |
+-------------+
|        NULL |
+-------------+
1 row in set (0.00 sec)

mysql> select min(salary) from employee where salary>(select min(salary) from employee);
+-------------+
| min(salary) |
+-------------+
|        1250 |
+-------------+
1 row in set (0.00 sec)

mysql> select min(salary) from employee where salary!=(select min(salary) from employee);
+-------------+
| min(salary) |
+-------------+
|        1250 |
+-------------+
1 row in set (0.00 sec)

mysql> select max(salary) from employee where salary!=(select max(salary) from employee);
+-------------+
| max(salary) |
+-------------+
|        2750 |
+-------------+
1 row in set (0.00 sec)

mysql> select * from employee order by salary desc;
+--------------------+-----------+------------+-------------+------------+--------+------+-------------+-------------+---------------+--------+
| ID_OF_THE_EMPLOYEE | LAST_NAME | FIRST_NAME | MIDDLE_NAME | MANAGER_ID | SALARY | COMM | HIREDATE    | Location_ID | Department_ID | Job_ID |
+--------------------+-----------+------------+-------------+------------+--------+------+-------------+-------------+---------------+--------+
|               7505 | RUNIJA    | MAYANK     | K           |       7839 |   2850 | NULL | 04-APRIL-80 |         124 |            30 |    669 |
|               7506 | SHARMA    | KANIKA     | S           |       7839 |   2750 | NULL | 15-MAY-80   |         125 |            40 |    670 |
|               7507 | MISHRA    | MAHIMA     | D           |       7839 |   2200 | NULL | 10-JUNE-80  |         122 |            20 |    671 |
|               7499 | SHARMA    | ABHISHEK   | J           |       7698 |   1600 |  300 | 20-FEB-80   |         123 |            20 |    668 |
|               7521 | JOSHI     | GARIMA     | D           |       7698 |   1250 |  500 | 22-FEB-80   |         125 |            10 |    672 |
|               7369 | SHARMA    | ANSHIMA    | Q           |       7902 |    800 | NULL | 17-DEC-79   |         122 |            10 |    667 |
+--------------------+-----------+------------+-------------+------------+--------+------+-------------+-------------+---------------+--------+
6 rows in set (0.04 sec)

mysql> select * from employee order by salary asc;
+--------------------+-----------+------------+-------------+------------+--------+------+-------------+-------------+---------------+--------+
| ID_OF_THE_EMPLOYEE | LAST_NAME | FIRST_NAME | MIDDLE_NAME | MANAGER_ID | SALARY | COMM | HIREDATE    | Location_ID | Department_ID | Job_ID |
+--------------------+-----------+------------+-------------+------------+--------+------+-------------+-------------+---------------+--------+
|               7369 | SHARMA    | ANSHIMA    | Q           |       7902 |    800 | NULL | 17-DEC-79   |         122 |            10 |    667 |
|               7521 | JOSHI     | GARIMA     | D           |       7698 |   1250 |  500 | 22-FEB-80   |         125 |            10 |    672 |
|               7499 | SHARMA    | ABHISHEK   | J           |       7698 |   1600 |  300 | 20-FEB-80   |         123 |            20 |    668 |
|               7507 | MISHRA    | MAHIMA     | D           |       7839 |   2200 | NULL | 10-JUNE-80  |         122 |            20 |    671 |
|               7506 | SHARMA    | KANIKA     | S           |       7839 |   2750 | NULL | 15-MAY-80   |         125 |            40 |    670 |
|               7505 | RUNIJA    | MAYANK     | K           |       7839 |   2850 | NULL | 04-APRIL-80 |         124 |            30 |    669 |
+--------------------+-----------+------------+-------------+------------+--------+------+-------------+-------------+---------------+--------+
6 rows in set (0.00 sec)

mysql> select * from employee order by salary asc limit 2,1;
+--------------------+-----------+------------+-------------+------------+--------+------+-----------+-------------+---------------+--------+
| ID_OF_THE_EMPLOYEE | LAST_NAME | FIRST_NAME | MIDDLE_NAME | MANAGER_ID | SALARY | COMM | HIREDATE  | Location_ID | Department_ID | Job_ID |
+--------------------+-----------+------------+-------------+------------+--------+------+-----------+-------------+---------------+--------+
|               7499 | SHARMA    | ABHISHEK   | J           |       7698 |   1600 |  300 | 20-FEB-80 |         123 |            20 |    668 |
+--------------------+-----------+------------+-------------+------------+--------+------+-----------+-------------+---------------+--------+
1 row in set (0.00 sec)

mysql> select * from employee order by salary asc limit 3,2;
+--------------------+-----------+------------+-------------+------------+--------+------+------------+-------------+---------------+--------+
| ID_OF_THE_EMPLOYEE | LAST_NAME | FIRST_NAME | MIDDLE_NAME | MANAGER_ID | SALARY | COMM | HIREDATE   | Location_ID | Department_ID | Job_ID |
+--------------------+-----------+------------+-------------+------------+--------+------+------------+-------------+---------------+--------+
|               7507 | MISHRA    | MAHIMA     | D           |       7839 |   2200 | NULL | 10-JUNE-80 |         122 |            20 |    671 |
|               7506 | SHARMA    | KANIKA     | S           |       7839 |   2750 | NULL | 15-MAY-80  |         125 |            40 |    670 |
+--------------------+-----------+------------+-------------+------------+--------+------+------------+-------------+---------------+--------+
2 rows in set (0.00 sec)

mysql> update employee set salary=1250 where ID_OF_THE_EMPLOYEE=7499;
Query OK, 1 row affected (0.14 sec)
Rows matched: 1  Changed: 1  Warnings: 0

mysql> SELECT * FROM EMPLOYEE;
+--------------------+-----------+------------+-------------+------------+--------+------+-------------+-------------+---------------+--------+
| ID_OF_THE_EMPLOYEE | LAST_NAME | FIRST_NAME | MIDDLE_NAME | MANAGER_ID | SALARY | COMM | HIREDATE    | Location_ID | Department_ID | Job_ID |
+--------------------+-----------+------------+-------------+------------+--------+------+-------------+-------------+---------------+--------+
|               7369 | SHARMA    | ANSHIMA    | Q           |       7902 |    800 | NULL | 17-DEC-79   |         122 |            10 |    667 |
|               7499 | SHARMA    | ABHISHEK   | J           |       7698 |   1250 |  300 | 20-FEB-80   |         123 |            20 |    668 |
|               7505 | RUNIJA    | MAYANK     | K           |       7839 |   2850 | NULL | 04-APRIL-80 |         124 |            30 |    669 |
|               7506 | SHARMA    | KANIKA     | S           |       7839 |   2750 | NULL | 15-MAY-80   |         125 |            40 |    670 |
|               7507 | MISHRA    | MAHIMA     | D           |       7839 |   2200 | NULL | 10-JUNE-80  |         122 |            20 |    671 |
|               7521 | JOSHI     | GARIMA     | D           |       7698 |   1250 |  500 | 22-FEB-80   |         125 |            10 |    672 |
+--------------------+-----------+------------+-------------+------------+--------+------+-------------+-------------+---------------+--------+
6 rows in set (0.00 sec)

mysql> select distinct salary from employee;
+--------+
| salary |
+--------+
|    800 |
|   1250 |
|   2850 |
|   2750 |
|   2200 |
+--------+
5 rows in set (0.04 sec)

mysql> select distinct salary from employee order by salary limit 2,1;
+--------+
| salary |
+--------+
|   2200 |
+--------+
1 row in set (0.00 sec)

mysql> select * from employee where salary=(select max(salary) from employee);
+--------------------+-----------+------------+-------------+------------+--------+------+-------------+-------------+---------------+--------+
| ID_OF_THE_EMPLOYEE | LAST_NAME | FIRST_NAME | MIDDLE_NAME | MANAGER_ID | SALARY | COMM | HIREDATE    | Location_ID | Department_ID | Job_ID |
+--------------------+-----------+------------+-------------+------------+--------+------+-------------+-------------+---------------+--------+
|               7505 | RUNIJA    | MAYANK     | K           |       7839 |   2850 | NULL | 04-APRIL-80 |         124 |            30 |    669 |
+--------------------+-----------+------------+-------------+------------+--------+------+-------------+-------------+---------------+--------+
1 row in set (0.00 sec)

mysql> select * from employee where salary=(select distinct salary from employee order by salary desc limit 2,1);
+--------------------+-----------+------------+-------------+------------+--------+------+------------+-------------+---------------+--------+
| ID_OF_THE_EMPLOYEE | LAST_NAME | FIRST_NAME | MIDDLE_NAME | MANAGER_ID | SALARY | COMM | HIREDATE   | Location_ID | Department_ID | Job_ID |
+--------------------+-----------+------------+-------------+------------+--------+------+------------+-------------+---------------+--------+
|               7507 | MISHRA    | MAHIMA     | D           |       7839 |   2200 | NULL | 10-JUNE-80 |         122 |            20 |    671 |
+--------------------+-----------+------------+-------------+------------+--------+------+------------+-------------+---------------+--------+
1 row in set (0.00 sec)

mysql> select * from employee order by salary desc;
+--------------------+-----------+------------+-------------+------------+--------+------+-------------+-------------+---------------+--------+
| ID_OF_THE_EMPLOYEE | LAST_NAME | FIRST_NAME | MIDDLE_NAME | MANAGER_ID | SALARY | COMM | HIREDATE    | Location_ID | Department_ID | Job_ID |
+--------------------+-----------+------------+-------------+------------+--------+------+-------------+-------------+---------------+--------+
|               7505 | RUNIJA    | MAYANK     | K           |       7839 |   2850 | NULL | 04-APRIL-80 |         124 |            30 |    669 |
|               7506 | SHARMA    | KANIKA     | S           |       7839 |   2750 | NULL | 15-MAY-80   |         125 |            40 |    670 |
|               7507 | MISHRA    | MAHIMA     | D           |       7839 |   2200 | NULL | 10-JUNE-80  |         122 |            20 |    671 |
|               7499 | SHARMA    | ABHISHEK   | J           |       7698 |   1250 |  300 | 20-FEB-80   |         123 |            20 |    668 |
|               7521 | JOSHI     | GARIMA     | D           |       7698 |   1250 |  500 | 22-FEB-80   |         125 |            10 |    672 |
|               7369 | SHARMA    | ANSHIMA    | Q           |       7902 |    800 | NULL | 17-DEC-79   |         122 |            10 |    667 |
+--------------------+-----------+------------+-------------+------------+--------+------+-------------+-------------+---------------+--------+
6 rows in set (0.00 sec)

mysql> select * from employee where salary=(select distinct salary from employee order by salary desc) limit 2,1;
ERROR 1242 (21000): Subquery returns more than 1 row
mysql> select * from employee where salary=(select distinct salary from employee order by salary desc) limit 3,2;
ERROR 1242 (21000): Subquery returns more than 1 row
mysql> select * from employee where FIRST_NAME like (%n);
ERROR 1064 (42000): You have an error in your SQL syntax; check the manual that corresponds to your MySQL server version for the right syntax to use near '%n)' at line 1
mysql> select * from employee where FIRST_NAME like '%n';
Empty set (0.00 sec)

mysql> select * from employee where FIRST_NAME like '%a';
+--------------------+-----------+------------+-------------+------------+--------+------+------------+-------------+---------------+--------+
| ID_OF_THE_EMPLOYEE | LAST_NAME | FIRST_NAME | MIDDLE_NAME | MANAGER_ID | SALARY | COMM | HIREDATE   | Location_ID | Department_ID | Job_ID |
+--------------------+-----------+------------+-------------+------------+--------+------+------------+-------------+---------------+--------+
|               7369 | SHARMA    | ANSHIMA    | Q           |       7902 |    800 | NULL | 17-DEC-79  |         122 |            10 |    667 |
|               7506 | SHARMA    | KANIKA     | S           |       7839 |   2750 | NULL | 15-MAY-80  |         125 |            40 |    670 |
|               7507 | MISHRA    | MAHIMA     | D           |       7839 |   2200 | NULL | 10-JUNE-80 |         122 |            20 |    671 |
|               7521 | JOSHI     | GARIMA     | D           |       7698 |   1250 |  500 | 22-FEB-80  |         125 |            10 |    672 |
+--------------------+-----------+------------+-------------+------------+--------+------+------------+-------------+---------------+--------+
4 rows in set (0.00 sec)

mysql>
